// Jest Snapshot v1, https://goo.gl/fbAQLP

exports[`rendering test renders as expected 1`] = `<login />`;
